  rewired #1           argmax 0.359  margin +0.14  wiring [1, 3, 0, 2]  drift 0.0e+00  (13s)
  rewired #2           argmax 0.352  margin +0.37  wiring [2, 0, 3, 1]  drift 0.0e+00  (14s)
  rewired #3           argmax 0.688  margin +1.74  wiring [0, 3, 1, 2]  drift 0.0e+00  (13s)
  rewired #4           argmax 0.500  margin +0.29  wiring [3, 0, 2, 1]  drift 0.0e+00  (13s)
  rewired #5           argmax 0.724  margin +1.49  wiring [0, 3, 1, 2]  drift 0.0e+00  (15s)
  rewired #6           argmax 0.446  margin +1.19  wiring [0, 1, 3, 2]  drift 0.0e+00  (12s)
  rewired #7           argmax 0.494  margin +0.47  wiring [3, 0, 1, 2]  drift 0.0e+00  (12s)
  rewired #8           argmax 0.874  margin +1.36  wiring [0, 3, 1, 2]  drift 0.0e+00  (14s)
  rewired #9           argmax 0.154  margin -0.14  wiring [1, 0, 3, 2]  drift 0.0e+00  (13s)
  rewired #10          argmax 0.579  margin +0.33  wiring [0, 1, 3, 2]  drift 0.0e+00  (13s)
  rewired #11          argmax 0.390  margin +0.04  wiring [3, 0, 2, 1]  drift 0.0e+00  (13s)
  rewired #12          argmax 0.581  margin +0.15  wiring [3, 1, 2, 0]  drift 0.0e+00  (14s)
  rewired #13          argmax 0.407  margin +0.11  wiring [1, 0, 2, 3]  drift 0.0e+00  (14s)
  rewired #14          argmax 0.250  margin -0.66  wiring [0, 3, 1, 2]  drift 0.0e+00  (15s)
  rewired #15          argmax 0.565  margin +0.06  wiring [0, 3, 1, 2]  drift 0.0e+00  (14s)
  rewired #16          argmax 0.584  margin +0.36  wiring [1, 3, 2, 0]  drift 0.0e+00  (16s)
  rewired #17          argmax 0.366  margin +0.24  wiring [1, 0, 2, 3]  drift 0.0e+00  (14s)
  rewired #18          argmax 0.345  margin -0.11  wiring [2, 1, 3, 0]  drift 0.0e+00  (18s)
  rewired #19          argmax 0.694  margin +1.62  wiring [3, 0, 2, 1]  drift 0.0e+00  (15s)
  rewired #20          argmax 0.648  margin +0.84  wiring [0, 1, 2, 3]  drift 0.0e+00  (15s)
  rewired #21          argmax 0.328  margin +0.62  wiring [0, 2, 1, 3]  drift 0.0e+00  (19s)
  rewired #22          argmax 0.651  margin +0.63  wiring [0, 3, 2, 1]  drift 0.0e+00  (16s)
  rewired #23          argmax 0.807  margin +1.62  wiring [2, 3, 1, 0]  drift 0.0e+00  (16s)
  rewired #24          argmax 0.581  margin +1.30  wiring [0, 3, 2, 1]  drift 0.0e+00  (14s)
  rewired #25          argmax 0.539  margin +0.16  wiring [2, 0, 1, 3]  drift 0.0e+00  (13s)
  rewired #26          argmax 0.734  margin +0.96  wiring [0, 1, 2, 3]  drift 0.0e+00  (13s)
  rewired #27          argmax 0.660  margin +0.84  wiring [1, 2, 3, 0]  drift 0.0e+00  (13s)
  rewired #28          argmax 0.554  margin +0.77  wiring [0, 1, 2, 3]  drift 0.0e+00  (16s)
  rewired #29          argmax 0.809  margin +1.22  wiring [3, 1, 0, 2]  drift 0.0e+00  (14s)
  rewired #30          argmax 0.298  margin +0.33  wiring [3, 0, 2, 1]  drift 0.0e+00  (15s)
  rewired #31          argmax 0.789  margin +0.83  wiring [3, 2, 0, 1]  drift 0.0e+00  (17s)
  rewired #32          argmax 0.522  margin +0.87  wiring [2, 3, 1, 0]  drift 0.0e+00  (17s)
  rewired #33          argmax 0.537  margin +0.90  wiring [2, 1, 0, 3]  drift 0.0e+00  (16s)
  rewired #34          argmax 0.571  margin +0.57  wiring [0, 1, 2, 3]  drift 0.0e+00  (16s)
  rewired #35          argmax 0.460  margin +1.03  wiring [2, 3, 0, 1]  drift 0.0e+00  (17s)
  rewired #36          argmax 0.418  margin +1.12  wiring [1, 0, 2, 3]  drift 0.0e+00  (18s)
  rewired #37          argmax 0.738  margin +1.26  wiring [2, 3, 0, 1]  drift 0.0e+00  (18s)
  rewired #38          argmax 0.866  margin +1.32  wiring [0, 1, 2, 3]  drift 0.0e+00  (22s)
  rewired #39          argmax 0.547  margin +1.56  wiring [0, 3, 2, 1]  drift 0.0e+00  (19s)
  rewired #40          argmax 0.469  margin +1.40  wiring [0, 1, 3, 2]  drift 0.0e+00  (32s)

40/40 controls done.
null: mean 0.547  sd 0.174  min 0.154  max 0.874
Commit this file before running the real network.
  retino #1            argmax 0.469  margin +0.52  wiring [3, 0, 2, 1]  drift 0.0e+00  (18s)
  retino #2            argmax 0.244  margin +1.43  wiring [2, 0, 3, 1]  drift 5.9e-01  (18s)
  retino #3            argmax 0.289  margin +0.02  wiring [1, 0, 3, 2]  drift 2.4e-07  (16s)
  retino #4            argmax 0.450  margin -0.24  wiring [1, 2, 0, 3]  drift 4.4e-05  (16s)
  retino #5            argmax 0.599  margin +0.78  wiring [0, 2, 1, 3]  drift 3.7e-06  (16s)
  retino #6            argmax 0.300  margin +2.65  wiring [0, 2, 1, 3]  drift 5.7e-01  (17s)
  retino #7            argmax 0.366  margin +0.37  wiring [1, 3, 0, 2]  drift 2.2e-05  (17s)
  retino #8            argmax 0.273  margin +1.07  wiring [3, 0, 2, 1]  drift 3.6e-01  (17s)
  retino #9            argmax 0.474  margin +0.85  wiring [2, 3, 0, 1]  drift 1.7e-02  (17s)
  retino #10           argmax 0.489  margin +1.35  wiring [2, 1, 0, 3]  drift 3.3e-01  (17s)
  retino #11           argmax 0.713  margin +1.13  wiring [0, 1, 3, 2]  drift 2.3e-04  (16s)
  retino #12           argmax 0.247  margin -0.79  wiring [1, 3, 2, 0]  drift 3.4e-01  (16s)
  retino #13           argmax 0.480  margin +0.66  wiring [0, 1, 3, 2]  drift 1.5e-03  (16s)
  retino #14           argmax 0.657  margin +0.94  wiring [1, 2, 3, 0]  drift 4.8e-02  (16s)
  retino #15           argmax 0.352  margin +0.01  wiring [3, 0, 2, 1]  drift 3.1e-06  (16s)
  retino #16           argmax 0.443  margin +0.39  wiring [1, 0, 2, 3]  drift 5.0e-03  (16s)
  retino #17           argmax 0.272  margin +0.59  wiring [0, 1, 2, 3]  drift 3.1e-03  (16s)
  retino #18           argmax 0.280  margin +1.58  wiring [0, 2, 3, 1]  drift 1.1e-01  (15s)
  retino #19           argmax 0.393  margin +1.64  wiring [1, 2, 0, 3]  drift 3.2e-01  (15s)
  retino #20           argmax 0.352  margin +0.19  wiring [0, 3, 2, 1]  drift 4.9e-01  (16s)

20/20 retinotopy-shuffled done.
