fitting the experiment 18 readout (32 PCs, 36 synthetic charts, 250 ms approach)
playing 17 difficulties together
  Easy                      2.5 evt/s  acc 0.936  hit 0.944  stray/note 0.01  (178s)
  Amasugi's BASIC           2.7 evt/s  acc 0.859  hit 0.883  stray/note 0.01  (178s)
  LINQAQ's ADVANCED         4.3 evt/s  acc 0.884  hit 0.926  stray/note 0.01  (178s)
  mirac1e's EXPERT          4.9 evt/s  acc 0.806  hit 0.871  stray/note 0.01  (178s)
  Normal                    5.1 evt/s  acc 0.856  hit 0.898  stray/note 0.01  (178s)
  MASTER                    5.3 evt/s  acc 0.684  hit 0.769  stray/note 0.01  (178s)
  Advanced                  5.4 evt/s  acc 0.940  hit 0.951  stray/note 0.00  (178s)
  LUNATIC                   6.0 evt/s  acc 0.567  hit 0.698  stray/note 0.01  (178s)
  Spark the Flame of Hop    6.5 evt/s  acc 0.444  hit 0.556  stray/note 0.02  (178s)
  Hard                      6.5 evt/s  acc 0.769  hit 0.824  stray/note 0.01  (178s)
  Muses' Hyper              7.5 evt/s  acc 0.567  hit 0.657  stray/note 0.00  (178s)
  Hyper                     8.5 evt/s  acc 0.796  hit 0.821  stray/note 0.00  (178s)
  Gsun's Insane             9.0 evt/s  acc 0.588  hit 0.683  stray/note 0.00  (178s)
  winter's Expert           9.0 evt/s  acc 0.415  hit 0.489  stray/note 0.00  (178s)
  Insane                    9.7 evt/s  acc 0.614  hit 0.682  stray/note 0.00  (178s)
  Sweetie                   9.7 evt/s  acc 0.316  hit 0.387  stray/note 0.00  (178s)
  Lavender                 10.2 evt/s  acc 0.396  hit 0.488  stray/note 0.00  (178s)

=== experiment 20: real beatmaps, 250 ms approach ===
  readout fitted on synthetic stage-4 charts; nothing refitted here

  difficulty                evt/s  hold   OD     acc    hit  stray/note
  Easy                       2.47  0.15  6.0   0.936  0.944        0.01
  Amasugi's BASIC            2.66  0.27  6.0   0.859  0.883        0.01
  LINQAQ's ADVANCED          4.31  0.27  6.5   0.884  0.926        0.01
  mirac1e's EXPERT           4.87  0.30  7.0   0.806  0.871        0.01
  Normal                     5.12  0.24  6.2   0.856  0.898        0.01
  MASTER                     5.35  0.39  7.2   0.684  0.769        0.01
  Advanced                   5.43  0.11  7.0   0.940  0.951        0.00
  LUNATIC                    5.98  0.57  7.4   0.567  0.698        0.01
  Spark the Flame of Hope    6.52  0.64  7.6   0.444  0.556        0.02
  Hard                       6.52  0.23  6.4   0.769  0.824        0.01
  Muses' Hyper               7.51  0.46  6.6   0.567  0.657        0.00
  Hyper                      8.54  0.10  7.5   0.796  0.821        0.00
  Gsun's Insane              9.01  0.51  6.8   0.588  0.683        0.00
  winter's Expert            9.04  0.58  7.0   0.415  0.489        0.00
  Insane                     9.70  0.15  8.0   0.614  0.682        0.00
  Sweetie                    9.72  0.67  7.2   0.316  0.387        0.00
  Lavender                  10.18  0.41  8.0   0.396  0.488        0.00

  best 0.940 (Advanced)
  mean 0.673 over 17 difficulties
  accuracy vs events/s: r = -0.77
