fitting the experiment 18 readout (48 PCs, 48 synthetic charts, 250 ms approach)
playing 17 difficulties together
  Easy                      2.5 evt/s  acc 0.939  hit 0.962  stray/note 0.02  (135s)
  Amasugi's BASIC           2.7 evt/s  acc 0.828  hit 0.870  stray/note 0.01  (135s)
  LINQAQ's ADVANCED         4.3 evt/s  acc 0.891  hit 0.943  stray/note 0.02  (135s)
  mirac1e's EXPERT          4.9 evt/s  acc 0.807  hit 0.882  stray/note 0.01  (135s)
  Normal                    5.1 evt/s  acc 0.905  hit 0.950  stray/note 0.01  (135s)
  MASTER                    5.3 evt/s  acc 0.722  hit 0.827  stray/note 0.02  (135s)
  Advanced                  5.4 evt/s  acc 0.951  hit 0.970  stray/note 0.00  (135s)
  LUNATIC                   6.0 evt/s  acc 0.633  hit 0.758  stray/note 0.01  (135s)
  Spark the Flame of Hop    6.5 evt/s  acc 0.527  hit 0.652  stray/note 0.02  (135s)
  Hard                      6.5 evt/s  acc 0.868  hit 0.921  stray/note 0.00  (135s)
  Muses' Hyper              7.5 evt/s  acc 0.695  hit 0.779  stray/note 0.01  (135s)
  Hyper                     8.5 evt/s  acc 0.907  hit 0.932  stray/note 0.00  (135s)
  Gsun's Insane             9.0 evt/s  acc 0.662  hit 0.741  stray/note 0.00  (135s)
  winter's Expert           9.0 evt/s  acc 0.502  hit 0.577  stray/note 0.00  (135s)
  Insane                    9.7 evt/s  acc 0.806  hit 0.855  stray/note 0.00  (135s)
  Sweetie                   9.7 evt/s  acc 0.394  hit 0.456  stray/note 0.00  (135s)
  Lavender                 10.2 evt/s  acc 0.567  hit 0.634  stray/note 0.00  (135s)

=== experiment 20: real beatmaps, 250 ms approach ===
  readout fitted on synthetic stage-4 charts; nothing refitted here

  difficulty                evt/s  hold   OD     acc    hit  stray/note
  Easy                       2.47  0.15  6.0   0.939  0.962        0.02
  Amasugi's BASIC            2.66  0.27  6.0   0.828  0.870        0.01
  LINQAQ's ADVANCED          4.31  0.27  6.5   0.891  0.943        0.02
  mirac1e's EXPERT           4.87  0.30  7.0   0.807  0.882        0.01
  Normal                     5.12  0.24  6.2   0.905  0.950        0.01
  MASTER                     5.35  0.39  7.2   0.722  0.827        0.02
  Advanced                   5.43  0.11  7.0   0.951  0.970        0.00
  LUNATIC                    5.98  0.57  7.4   0.633  0.758        0.01
  Spark the Flame of Hope    6.52  0.64  7.6   0.527  0.652        0.02
  Hard                       6.52  0.23  6.4   0.868  0.921        0.00
  Muses' Hyper               7.51  0.46  6.6   0.695  0.779        0.01
  Hyper                      8.54  0.10  7.5   0.907  0.932        0.00
  Gsun's Insane              9.01  0.51  6.8   0.662  0.741        0.00
  winter's Expert            9.04  0.58  7.0   0.502  0.577        0.00
  Insane                     9.70  0.15  8.0   0.806  0.855        0.00
  Sweetie                    9.72  0.67  7.2   0.394  0.456        0.00
  Lavender                  10.18  0.41  8.0   0.567  0.634        0.00

  best 0.951 (Advanced)
  mean 0.741 over 17 difficulties
  accuracy vs events/s: r = -0.60
