  real connectome          theta [0.87 0.88 0.69 1.34]  lane-correct 0.43  acc 0.046  (48s)
  rewired #1               theta [0.53 0.77 0.55 0.05]  lane-correct 0.22  acc 0.239  (47s)
  rewired #2               theta [0.66 1.45 1.83 2.44]  lane-correct 0.30  acc 0.050  (47s)
  rewired #3               theta [2.18 0.02 1.93 0.43]  lane-correct 0.52  acc 0.188  (46s)
  rewired #4               theta [ 0.23  0.93 -0.13  0.86]  lane-correct 0.33  acc 0.115  (47s)
  rewired #5               theta [0.76 1.53 0.43 1.91]  lane-correct 0.30  acc 0.035  (47s)
  rewired #6               theta [-0.32  1.92  1.02  1.17]  lane-correct 0.21  acc 0.086  (47s)
  rewired #7               theta [0.63 1.22 2.24 1.42]  lane-correct 0.36  acc 0.178  (47s)
  rewired #8               theta [0.99 1.33 1.46 0.71]  lane-correct 0.24  acc 0.146  (47s)
  rewired #9               theta [0.85 0.83 0.98 2.18]  lane-correct 0.48  acc 0.090  (46s)
  rewired #10              theta [1.   0.66 0.78 0.35]  lane-correct 0.28  acc 0.032  (47s)
  rewired #11              theta [1.3  0.1  0.83 1.98]  lane-correct 0.36  acc 0.090  (46s)
  rewired #12              theta [1.46 0.84 1.09 1.72]  lane-correct 0.11  acc 0.000  (47s)
  rewired #13              theta [1.74 1.71 2.44 1.46]  lane-correct 0.16  acc 0.089  (47s)
  rewired #14              theta [0.09 2.09 0.62 1.56]  lane-correct 0.26  acc 0.031  (47s)
  rewired #15              theta [0.86 0.41 2.32 1.83]  lane-correct 0.50  acc 0.258  (46s)
  rewired #16              theta [0.21 0.84 1.15 1.97]  lane-correct 0.31  acc 0.253  (47s)
  rewired #17              theta [1.79 1.63 0.25 0.45]  lane-correct 0.22  acc 0.021  (47s)
  rewired #18              theta [0.01 0.64 1.29 2.01]  lane-correct 0.13  acc 0.006  (47s)
  rewired #19              theta [2.54 2.2  1.93 0.04]  lane-correct 0.48  acc 0.074  (46s)
  rewired #20              theta [0.86 1.77 1.88 0.53]  lane-correct 0.26  acc 0.149  (47s)

=== 20 rewired graphs, behaviour from experiment 4 ===
predictor                          real   rewired mean  n>=real  rho(lane)       p  rho(acc)
shared band (window)              -0.82    -2.22 +-0.78    0/20       -0.31   0.184     -0.22
shared band (whole descent)       -2.64    -3.12 +-0.68    4/20       -0.35   0.128     -0.25
worst-key margin                  -0.69    -1.55 +-0.89    4/20       -0.12   0.609     -0.02
lanes crossing on time             1.00     0.25 +-0.43    5/20       +0.47   0.036     +0.37
lanes crossing at all              3.00     2.40 +-0.80   10/20       -0.11   0.640     +0.09
false keys driven                 -1.00    -3.25 +-1.61    3/20       -0.08   0.724     -0.35
mean crossing lag (ms)          -314.67  -443.87 +-138.77    2/20       +0.06   0.796     +0.12
peak lag, |mean| (ms)           -403.00  -339.57 +-61.53   18/20       -0.14   0.565     -0.06
peak lag spread (ms)            -317.23  -247.60 +-81.62   16/20       -0.57   0.009     -0.42
argmax fraction                    0.79     0.48 +-0.14    0/20       +0.18   0.439     +0.01
peak margin                        1.00     0.54 +-0.39    2/20       +0.00   1.000     -0.02
chord delta (z)                   -0.12     0.24 +-0.29   17/20       -0.17   0.462     +0.11
chord, uninvolved keys            -0.04    -0.64 +-0.48    3/20       -0.02   0.945     -0.15

=== phase 2: four per-key thresholds instead of one shared ===
  real     lane-correct 0.82 -> 0.43  (-0.39)
  rewired  lane-correct 0.29 +- 0.15 -> 0.30 +- 0.12  (+0.02, n=20)
  4/20 rewired reach the real network  p 0.238   (was 0/20, p 0.048 with one threshold)
