  rewired #1           argmax 0.359  margin +0.14  wiring [1, 3, 0, 2]  drift 0.0e+00  (13s)
  rewired #2           argmax 0.352  margin +0.37  wiring [2, 0, 3, 1]  drift 0.0e+00  (14s)
  rewired #3           argmax 0.688  margin +1.74  wiring [0, 3, 1, 2]  drift 0.0e+00  (13s)
  rewired #4           argmax 0.500  margin +0.29  wiring [3, 0, 2, 1]  drift 0.0e+00  (13s)
  rewired #5           argmax 0.724  margin +1.49  wiring [0, 3, 1, 2]  drift 0.0e+00  (15s)
  rewired #6           argmax 0.446  margin +1.19  wiring [0, 1, 3, 2]  drift 0.0e+00  (12s)
  rewired #7           argmax 0.494  margin +0.47  wiring [3, 0, 1, 2]  drift 0.0e+00  (12s)
  rewired #8           argmax 0.874  margin +1.36  wiring [0, 3, 1, 2]  drift 0.0e+00  (14s)
  rewired #9           argmax 0.154  margin -0.14  wiring [1, 0, 3, 2]  drift 0.0e+00  (13s)
  rewired #10          argmax 0.579  margin +0.33  wiring [0, 1, 3, 2]  drift 0.0e+00  (13s)
  rewired #11          argmax 0.390  margin +0.04  wiring [3, 0, 2, 1]  drift 0.0e+00  (13s)
  rewired #12          argmax 0.581  margin +0.15  wiring [3, 1, 2, 0]  drift 0.0e+00  (14s)
  rewired #13          argmax 0.407  margin +0.11  wiring [1, 0, 2, 3]  drift 0.0e+00  (14s)
  rewired #14          argmax 0.250  margin -0.66  wiring [0, 3, 1, 2]  drift 0.0e+00  (15s)
  rewired #15          argmax 0.565  margin +0.06  wiring [0, 3, 1, 2]  drift 0.0e+00  (14s)
  rewired #16          argmax 0.584  margin +0.36  wiring [1, 3, 2, 0]  drift 0.0e+00  (16s)
  rewired #17          argmax 0.366  margin +0.24  wiring [1, 0, 2, 3]  drift 0.0e+00  (14s)
  rewired #18          argmax 0.345  margin -0.11  wiring [2, 1, 3, 0]  drift 0.0e+00  (18s)
  rewired #19          argmax 0.694  margin +1.62  wiring [3, 0, 2, 1]  drift 0.0e+00  (15s)
  rewired #20          argmax 0.648  margin +0.84  wiring [0, 1, 2, 3]  drift 0.0e+00  (15s)
  rewired #21          argmax 0.328  margin +0.62  wiring [0, 2, 1, 3]  drift 0.0e+00  (19s)
  rewired #22          argmax 0.651  margin +0.63  wiring [0, 3, 2, 1]  drift 0.0e+00  (16s)
  rewired #23          argmax 0.807  margin +1.62  wiring [2, 3, 1, 0]  drift 0.0e+00  (16s)
  rewired #24          argmax 0.581  margin +1.30  wiring [0, 3, 2, 1]  drift 0.0e+00  (14s)
  rewired #25          argmax 0.539  margin +0.16  wiring [2, 0, 1, 3]  drift 0.0e+00  (13s)
  rewired #26          argmax 0.734  margin +0.96  wiring [0, 1, 2, 3]  drift 0.0e+00  (13s)
  rewired #27          argmax 0.660  margin +0.84  wiring [1, 2, 3, 0]  drift 0.0e+00  (13s)
  rewired #28          argmax 0.554  margin +0.77  wiring [0, 1, 2, 3]  drift 0.0e+00  (16s)
  rewired #29          argmax 0.809  margin +1.22  wiring [3, 1, 0, 2]  drift 0.0e+00  (14s)
  rewired #30          argmax 0.298  margin +0.33  wiring [3, 0, 2, 1]  drift 0.0e+00  (15s)
  rewired #31          argmax 0.789  margin +0.83  wiring [3, 2, 0, 1]  drift 0.0e+00  (17s)
  rewired #32          argmax 0.522  margin +0.87  wiring [2, 3, 1, 0]  drift 0.0e+00  (17s)
  rewired #33          argmax 0.537  margin +0.90  wiring [2, 1, 0, 3]  drift 0.0e+00  (16s)
  rewired #34          argmax 0.571  margin +0.57  wiring [0, 1, 2, 3]  drift 0.0e+00  (16s)
  rewired #35          argmax 0.460  margin +1.03  wiring [2, 3, 0, 1]  drift 0.0e+00  (17s)
  rewired #36          argmax 0.418  margin +1.12  wiring [1, 0, 2, 3]  drift 0.0e+00  (18s)
  rewired #37          argmax 0.738  margin +1.26  wiring [2, 3, 0, 1]  drift 0.0e+00  (18s)
  rewired #38          argmax 0.866  margin +1.32  wiring [0, 1, 2, 3]  drift 0.0e+00  (22s)
  rewired #39          argmax 0.547  margin +1.56  wiring [0, 3, 2, 1]  drift 0.0e+00  (19s)
  rewired #40          argmax 0.469  margin +1.40  wiring [0, 1, 3, 2]  drift 0.0e+00  (32s)

40/40 controls done.
null: mean 0.547  sd 0.174  min 0.154  max 0.874
Commit this file before running the real network.
