resuming: 16 runs already done

building rewired topology control (seed 6) ...

=== rewired topology #6  (19,367 neurons, 720,068 edges)
  A  preferred azimuth per channel: T2L=-90deg  T1L=+85deg  T1R=-5deg  T2R=-10deg
     modulation depth: 0.036  0.069  0.068  0.063
  B  lane decoding (chance 0.250):
       optic lobe                 dim= 4000  0.992 +/- 0.010
       visual projection          dim= 1260  0.988 +/- 0.010
       central brain              dim= 1566  0.992 +/- 0.010
       descending (population)    dim= 1303  0.992 +/- 0.010
       4 pooled channels          dim=    4  0.592 +/- 0.049
       untrained argmax policy      acc=0.362  lane->channel ['T1L', 'T1R', 'T2R', 'T2L']
  C  note approach: max |corr(channel, elevation)| = 0.510
  D  chords: mean linearity 0.745  mean gain 0.651

building rewired topology control (seed 7) ...

=== rewired topology #7  (19,367 neurons, 719,929 edges)
  A  preferred azimuth per channel: T2L=-55deg  T1L=+10deg  T1R=+70deg  T2R=-60deg
     modulation depth: 0.056  0.066  0.060  0.075
  B  lane decoding (chance 0.250):
       optic lobe                 dim= 4000  0.996 +/- 0.008
       visual projection          dim= 1260  0.992 +/- 0.010
       central brain              dim= 1566  0.992 +/- 0.010
       descending (population)    dim= 1303  0.992 +/- 0.010
       4 pooled channels          dim=    4  0.613 +/- 0.055
       untrained argmax policy      acc=0.379  lane->channel ['T2L', 'T2R', 'T1L', 'T1R']
  C  note approach: max |corr(channel, elevation)| = 0.875
  D  chords: mean linearity 0.694  mean gain 0.775

building rewired topology control (seed 8) ...

=== rewired topology #8  (19,367 neurons, 720,132 edges)
  A  preferred azimuth per channel: T2L=+5deg  T1L=-10deg  T1R=+60deg  T2R=+90deg
     modulation depth: 0.064  0.099  0.082  0.105
  B  lane decoding (chance 0.250):
       optic lobe                 dim= 4000  0.996 +/- 0.008
       visual projection          dim= 1260  0.996 +/- 0.008
       central brain              dim= 1566  0.996 +/- 0.008
       descending (population)    dim= 1303  1.000 +/- 0.000
       4 pooled channels          dim=    4  0.492 +/- 0.073
       untrained argmax policy      acc=0.388  lane->channel ['T2R', 'T2L', 'T1L', 'T1R']
  C  note approach: max |corr(channel, elevation)| = 0.655
  D  chords: mean linearity 0.763  mean gain 0.735

building rewired topology control (seed 9) ...

=== rewired topology #9  (19,367 neurons, 720,073 edges)
  A  preferred azimuth per channel: T2L=+60deg  T1L=+60deg  T1R=+45deg  T2R=+80deg
     modulation depth: 0.068  0.062  0.032  0.057
  B  lane decoding (chance 0.250):
       optic lobe                 dim= 4000  1.000 +/- 0.000
       visual projection          dim= 1260  1.000 +/- 0.000
       central brain              dim= 1566  1.000 +/- 0.000
       descending (population)    dim= 1303  1.000 +/- 0.000
       4 pooled channels          dim=    4  0.600 +/- 0.085
       untrained argmax policy      acc=0.400  lane->channel ['T1L', 'T2R', 'T1R', 'T2L']
  C  note approach: max |corr(channel, elevation)| = 0.822
  D  chords: mean linearity 0.760  mean gain 0.752

building rewired topology control (seed 10) ...

=== rewired topology #10  (19,367 neurons, 720,018 edges)
  A  preferred azimuth per channel: T2L=+95deg  T1L=-25deg  T1R=+80deg  T2R=+55deg
     modulation depth: 0.059  0.065  0.065  0.085
  B  lane decoding (chance 0.250):
       optic lobe                 dim= 4000  1.000 +/- 0.000
       visual projection          dim= 1260  1.000 +/- 0.000
       central brain              dim= 1566  1.000 +/- 0.000
       descending (population)    dim= 1303  1.000 +/- 0.000
       4 pooled channels          dim=    4  0.800 +/- 0.055
       untrained argmax policy      acc=0.500  lane->channel ['T2L', 'T1R', 'T1L', 'T2R']
  C  note approach: max |corr(channel, elevation)| = 0.795
  D  chords: mean linearity 0.744  mean gain 0.746

building rewired topology control (seed 11) ...

=== rewired topology #11  (19,367 neurons, 720,092 edges)
  A  preferred azimuth per channel: T2L=+60deg  T1L=-15deg  T1R=-65deg  T2R=+65deg
     modulation depth: 0.058  0.095  0.081  0.090
  B  lane decoding (chance 0.250):
       optic lobe                 dim= 4000  1.000 +/- 0.000
       visual projection          dim= 1260  0.992 +/- 0.010
       central brain              dim= 1566  0.996 +/- 0.008
       descending (population)    dim= 1303  0.996 +/- 0.008
       4 pooled channels          dim=    4  0.733 +/- 0.048
       untrained argmax policy      acc=0.537  lane->channel ['T1R', 'T1L', 'T2L', 'T2R']
  C  note approach: max |corr(channel, elevation)| = 0.465
  D  chords: mean linearity 0.647  mean gain 0.720

building rewired topology control (seed 12) ...

=== rewired topology #12  (19,367 neurons, 720,119 edges)
  A  preferred azimuth per channel: T2L=+90deg  T1L=+40deg  T1R=+0deg  T2R=+40deg
     modulation depth: 0.061  0.081  0.043  0.058
  B  lane decoding (chance 0.250):
       optic lobe                 dim= 4000  0.983 +/- 0.016
       visual projection          dim= 1260  0.992 +/- 0.010
       central brain              dim= 1566  0.983 +/- 0.016
       descending (population)    dim= 1303  0.983 +/- 0.016
       4 pooled channels          dim=    4  0.608 +/- 0.057
       untrained argmax policy      acc=0.371  lane->channel ['T1R', 'T2R', 'T1L', 'T2L']
  C  note approach: max |corr(channel, elevation)| = 0.837
  D  chords: mean linearity 0.820  mean gain 0.699

building rewired topology control (seed 13) ...

=== rewired topology #13  (19,367 neurons, 720,154 edges)
  A  preferred azimuth per channel: T2L=+80deg  T1L=+95deg  T1R=+90deg  T2R=+85deg
     modulation depth: 0.071  0.076  0.069  0.073
  B  lane decoding (chance 0.250):
       optic lobe                 dim= 4000  0.996 +/- 0.008
       visual projection          dim= 1260  0.992 +/- 0.010
       central brain              dim= 1566  0.996 +/- 0.008
       descending (population)    dim= 1303  0.988 +/- 0.010
       4 pooled channels          dim=    4  0.583 +/- 0.068
       untrained argmax policy      acc=0.458  lane->channel ['T2L', 'T1L', 'T2R', 'T1R']
  C  note approach: max |corr(channel, elevation)| = 0.535
  D  chords: mean linearity 0.742  mean gain 0.702

building rewired topology control (seed 14) ...

=== rewired topology #14  (19,367 neurons, 719,990 edges)
  A  preferred azimuth per channel: T2L=+50deg  T1L=+30deg  T1R=+60deg  T2R=+90deg
     modulation depth: 0.059  0.107  0.068  0.067
  B  lane decoding (chance 0.250):
       optic lobe                 dim= 4000  0.996 +/- 0.008
       visual projection          dim= 1260  0.996 +/- 0.008
       central brain              dim= 1566  0.996 +/- 0.008
       descending (population)    dim= 1303  0.992 +/- 0.010
       4 pooled channels          dim=    4  0.733 +/- 0.052
       untrained argmax policy      acc=0.475  lane->channel ['T2L', 'T2R', 'T1R', 'T1L']
  C  note approach: max |corr(channel, elevation)| = 0.763
  D  chords: mean linearity 0.749  mean gain 0.806

building rewired topology control (seed 15) ...

=== rewired topology #15  (19,367 neurons, 720,175 edges)
  A  preferred azimuth per channel: T2L=-55deg  T1L=-35deg  T1R=+55deg  T2R=+30deg
     modulation depth: 0.089  0.056  0.052  0.123
  B  lane decoding (chance 0.250):
       optic lobe                 dim= 4000  0.996 +/- 0.008
       visual projection          dim= 1260  1.000 +/- 0.000
       central brain              dim= 1566  1.000 +/- 0.000
       descending (population)    dim= 1303  1.000 +/- 0.000
       4 pooled channels          dim=    4  0.654 +/- 0.124
       untrained argmax policy      acc=0.412  lane->channel ['T1R', 'T2L', 'T2R', 'T1L']
  C  note approach: max |corr(channel, elevation)| = 0.752
  D  chords: mean linearity 0.708  mean gain 0.701

building shuffled retinotopy control (seed 6) ...

=== shuffled retinotopy #6  (19,367 neurons, 729,558 edges)
  A  preferred azimuth per channel: T2L=-20deg  T1L=+65deg  T1R=-20deg  T2R=+90deg
     modulation depth: 0.126  0.065  0.106  0.058
  B  lane decoding (chance 0.250):
       optic lobe                 dim= 4000  1.000 +/- 0.000
       visual projection          dim= 1260  0.992 +/- 0.010
       central brain              dim= 1566  0.979 +/- 0.019
       descending (population)    dim= 1303  0.983 +/- 0.008
       4 pooled channels          dim=    4  0.500 +/- 0.042
       untrained argmax policy      acc=0.458  lane->channel ['T2L', 'T1R', 'T1L', 'T2R']
  C  note approach: max |corr(channel, elevation)| = 0.728
  D  chords: mean linearity 0.619  mean gain 0.674

building shuffled retinotopy control (seed 7) ...

=== shuffled retinotopy #7  (19,367 neurons, 729,558 edges)
  A  preferred azimuth per channel: T2L=-65deg  T1L=+30deg  T1R=+50deg  T2R=+100deg
     modulation depth: 0.072  0.077  0.064  0.096
  B  lane decoding (chance 0.250):
       optic lobe                 dim= 4000  0.996 +/- 0.008
       visual projection          dim= 1260  0.992 +/- 0.010
       central brain              dim= 1566  1.000 +/- 0.000
       descending (population)    dim= 1303  0.988 +/- 0.017
       4 pooled channels          dim=    4  0.658 +/- 0.010
       untrained argmax policy      acc=0.438  lane->channel ['T2L', 'T2R', 'T1L', 'T1R']
  C  note approach: max |corr(channel, elevation)| = 0.578
  D  chords: mean linearity 0.693  mean gain 0.699

building shuffled retinotopy control (seed 8) ...

=== shuffled retinotopy #8  (19,367 neurons, 729,558 edges)
  A  preferred azimuth per channel: T2L=-70deg  T1L=+65deg  T1R=+95deg  T2R=+100deg
     modulation depth: 0.035  0.038  0.067  0.079
  B  lane decoding (chance 0.250):
       optic lobe                 dim= 4000  1.000 +/- 0.000
       visual projection          dim= 1260  1.000 +/- 0.000
       central brain              dim= 1566  1.000 +/- 0.000
       descending (population)    dim= 1303  1.000 +/- 0.000
       4 pooled channels          dim=    4  0.512 +/- 0.073
       untrained argmax policy      acc=0.371  lane->channel ['T2L', 'T2R', 'T1R', 'T1L']
  C  note approach: max |corr(channel, elevation)| = 0.700
  D  chords: mean linearity 0.741  mean gain 0.646

building shuffled retinotopy control (seed 9) ...

=== shuffled retinotopy #9  (19,367 neurons, 729,558 edges)
  A  preferred azimuth per channel: T2L=+80deg  T1L=+90deg  T1R=+0deg  T2R=-50deg
     modulation depth: 0.063  0.065  0.051  0.104
  B  lane decoding (chance 0.250):
       optic lobe                 dim= 4000  1.000 +/- 0.000
       visual projection          dim= 1260  0.996 +/- 0.008
       central brain              dim= 1566  0.988 +/- 0.010
       descending (population)    dim= 1303  0.988 +/- 0.017
       4 pooled channels          dim=    4  0.662 +/- 0.042
       untrained argmax policy      acc=0.554  lane->channel ['T2R', 'T1L', 'T2L', 'T1R']
  C  note approach: max |corr(channel, elevation)| = 0.682
  D  chords: mean linearity 0.733  mean gain 0.804

building shuffled retinotopy control (seed 10) ...

=== shuffled retinotopy #10  (19,367 neurons, 729,558 edges)
  A  preferred azimuth per channel: T2L=-10deg  T1L=+35deg  T1R=-100deg  T2R=+5deg
     modulation depth: 0.044  0.052  0.083  0.076
  B  lane decoding (chance 0.250):
       optic lobe                 dim= 4000  1.000 +/- 0.000
       visual projection          dim= 1260  1.000 +/- 0.000
       central brain              dim= 1566  0.988 +/- 0.010
       descending (population)    dim= 1303  0.975 +/- 0.016
       4 pooled channels          dim=    4  0.675 +/- 0.063
       untrained argmax policy      acc=0.483  lane->channel ['T1L', 'T2L', 'T2R', 'T1R']
  C  note approach: max |corr(channel, elevation)| = 0.497
  D  chords: mean linearity 0.648  mean gain 0.746

building shuffled retinotopy control (seed 11) ...

=== shuffled retinotopy #11  (19,367 neurons, 729,558 edges)
  A  preferred azimuth per channel: T2L=+45deg  T1L=-25deg  T1R=-60deg  T2R=+30deg
     modulation depth: 0.164  0.041  0.080  0.060
  B  lane decoding (chance 0.250):
       optic lobe                 dim= 4000  1.000 +/- 0.000
       visual projection          dim= 1260  1.000 +/- 0.000
       central brain              dim= 1566  0.983 +/- 0.024
       descending (population)    dim= 1303  0.988 +/- 0.010
       4 pooled channels          dim=    4  0.821 +/- 0.060
       untrained argmax policy      acc=0.508  lane->channel ['T1L', 'T2L', 'T2R', 'T1R']
  C  note approach: max |corr(channel, elevation)| = 0.611
  D  chords: mean linearity 0.882  mean gain 0.649

building shuffled retinotopy control (seed 12) ...

=== shuffled retinotopy #12  (19,367 neurons, 729,558 edges)
  A  preferred azimuth per channel: T2L=+65deg  T1L=-10deg  T1R=-55deg  T2R=-45deg
     modulation depth: 0.206  0.086  0.181  0.215
  B  lane decoding (chance 0.250):
       optic lobe                 dim= 4000  1.000 +/- 0.000
       visual projection          dim= 1260  0.992 +/- 0.010
       central brain              dim= 1566  0.900 +/- 0.052
       descending (population)    dim= 1303  0.879 +/- 0.040
       4 pooled channels          dim=    4  0.567 +/- 0.106
       untrained argmax policy      acc=0.458  lane->channel ['T2L', 'T2R', 'T1L', 'T1R']
  C  note approach: max |corr(channel, elevation)| = 0.474
  D  chords: mean linearity 0.680  mean gain 0.708

building shuffled retinotopy control (seed 13) ...

=== shuffled retinotopy #13  (19,367 neurons, 729,558 edges)
  A  preferred azimuth per channel: T2L=-95deg  T1L=-70deg  T1R=+30deg  T2R=+55deg
     modulation depth: 0.084  0.076  0.079  0.055
  B  lane decoding (chance 0.250):
       optic lobe                 dim= 4000  1.000 +/- 0.000
       visual projection          dim= 1260  0.992 +/- 0.017
       central brain              dim= 1566  0.992 +/- 0.010
       descending (population)    dim= 1303  0.992 +/- 0.010
       4 pooled channels          dim=    4  0.583 +/- 0.063
       untrained argmax policy      acc=0.529  lane->channel ['T1L', 'T1R', 'T2L', 'T2R']
  C  note approach: max |corr(channel, elevation)| = 0.771
  D  chords: mean linearity 0.606  mean gain 0.716

building shuffled retinotopy control (seed 14) ...

=== shuffled retinotopy #14  (19,367 neurons, 729,558 edges)
  A  preferred azimuth per channel: T2L=-90deg  T1L=+20deg  T1R=-35deg  T2R=+35deg
     modulation depth: 0.121  0.110  0.074  0.137
  B  lane decoding (chance 0.250):
       optic lobe                 dim= 4000  1.000 +/- 0.000
       visual projection          dim= 1260  0.996 +/- 0.008
       central brain              dim= 1566  0.992 +/- 0.010
       descending (population)    dim= 1303  0.988 +/- 0.010
       4 pooled channels          dim=    4  0.596 +/- 0.034
       untrained argmax policy      acc=0.388  lane->channel ['T1L', 'T2R', 'T1R', 'T2L']
  C  note approach: max |corr(channel, elevation)| = 0.618
  D  chords: mean linearity 0.798  mean gain 0.631

building shuffled retinotopy control (seed 15) ...

=== shuffled retinotopy #15  (19,367 neurons, 729,558 edges)
  A  preferred azimuth per channel: T2L=-85deg  T1L=+80deg  T1R=-90deg  T2R=-100deg
     modulation depth: 0.072  0.024  0.060  0.037
  B  lane decoding (chance 0.250):
       optic lobe                 dim= 4000  1.000 +/- 0.000
       visual projection          dim= 1260  1.000 +/- 0.000
       central brain              dim= 1566  1.000 +/- 0.000
       descending (population)    dim= 1303  1.000 +/- 0.000
       4 pooled channels          dim=    4  0.754 +/- 0.085
       untrained argmax policy      acc=0.579  lane->channel ['T1L', 'T2L', 'T1R', 'T2R']
  C  note approach: max |corr(channel, elevation)| = 0.532
  D  chords: mean linearity 0.657  mean gain 0.712

building shuffled channel labels control (seed 6) ...

=== shuffled channel labels #6  (19,367 neurons, 729,558 edges)
  A  preferred azimuth per channel: T2L=+5deg  T1L=+10deg  T1R=+10deg  T2R=+5deg
     modulation depth: 0.074  0.076  0.059  0.109
  B  lane decoding (chance 0.250):
       optic lobe                 dim= 4000  0.996 +/- 0.008
       visual projection          dim= 1260  0.988 +/- 0.010
       central brain              dim= 1566  0.983 +/- 0.008
       descending (population)    dim= 1303  0.979 +/- 0.023
       4 pooled channels          dim=    4  0.704 +/- 0.044
       untrained argmax policy      acc=0.508  lane->channel ['T1L', 'T2L', 'T2R', 'T1R']
  C  note approach: max |corr(channel, elevation)| = 0.619
  D  chords: mean linearity 0.815  mean gain 0.744

building shuffled channel labels control (seed 7) ...

=== shuffled channel labels #7  (19,367 neurons, 729,558 edges)
  A  preferred azimuth per channel: T2L=+10deg  T1L=+10deg  T1R=+5deg  T2R=+5deg
     modulation depth: 0.069  0.071  0.061  0.114
  B  lane decoding (chance 0.250):
       optic lobe                 dim= 4000  0.996 +/- 0.008
       visual projection          dim= 1260  1.000 +/- 0.000
       central brain              dim= 1566  0.992 +/- 0.010
       descending (population)    dim= 1303  0.996 +/- 0.008
       4 pooled channels          dim=    4  0.775 +/- 0.050
       untrained argmax policy      acc=0.537  lane->channel ['T2R', 'T1R', 'T2L', 'T1L']
  C  note approach: max |corr(channel, elevation)| = 0.795
  D  chords: mean linearity 0.815  mean gain 0.744

building shuffled channel labels control (seed 8) ...

=== shuffled channel labels #8  (19,367 neurons, 729,558 edges)
  A  preferred azimuth per channel: T2L=+10deg  T1L=+5deg  T1R=+5deg  T2R=+10deg
     modulation depth: 0.075  0.064  0.082  0.074
  B  lane decoding (chance 0.250):
       optic lobe                 dim= 4000  1.000 +/- 0.000
       visual projection          dim= 1260  1.000 +/- 0.000
       central brain              dim= 1566  0.996 +/- 0.008
       descending (population)    dim= 1303  0.983 +/- 0.016
       4 pooled channels          dim=    4  0.692 +/- 0.069
       untrained argmax policy      acc=0.637  lane->channel ['T1R', 'T1L', 'T2L', 'T2R']
  C  note approach: max |corr(channel, elevation)| = 0.804
  D  chords: mean linearity 0.815  mean gain 0.744

building shuffled channel labels control (seed 9) ...

=== shuffled channel labels #9  (19,367 neurons, 729,558 edges)
  A  preferred azimuth per channel: T2L=+5deg  T1L=+10deg  T1R=+5deg  T2R=+10deg
     modulation depth: 0.069  0.059  0.111  0.043
  B  lane decoding (chance 0.250):
       optic lobe                 dim= 4000  0.996 +/- 0.008
       visual projection          dim= 1260  1.000 +/- 0.000
       central brain              dim= 1566  0.992 +/- 0.010
       descending (population)    dim= 1303  0.988 +/- 0.017
       4 pooled channels          dim=    4  0.650 +/- 0.024
       untrained argmax policy      acc=0.433  lane->channel ['T2R', 'T2L', 'T1L', 'T1R']
  C  note approach: max |corr(channel, elevation)| = 0.791
  D  chords: mean linearity 0.815  mean gain 0.744

building shuffled channel labels control (seed 10) ...

=== shuffled channel labels #10  (19,367 neurons, 729,558 edges)
  A  preferred azimuth per channel: T2L=+5deg  T1L=+10deg  T1R=+5deg  T2R=+5deg
     modulation depth: 0.079  0.087  0.076  0.055
  B  lane decoding (chance 0.250):
       optic lobe                 dim= 4000  1.000 +/- 0.000
       visual projection          dim= 1260  0.996 +/- 0.008
       central brain              dim= 1566  0.992 +/- 0.010
       descending (population)    dim= 1303  0.983 +/- 0.016
       4 pooled channels          dim=    4  0.600 +/- 0.042
       untrained argmax policy      acc=0.421  lane->channel ['T1L', 'T2R', 'T1R', 'T2L']
  C  note approach: max |corr(channel, elevation)| = 0.830
  D  chords: mean linearity 0.815  mean gain 0.744

building shuffled channel labels control (seed 11) ...

=== shuffled channel labels #11  (19,367 neurons, 729,558 edges)
  A  preferred azimuth per channel: T2L=+20deg  T1L=+10deg  T1R=+10deg  T2R=+5deg
     modulation depth: 0.055  0.136  0.053  0.088
  B  lane decoding (chance 0.250):
       optic lobe                 dim= 4000  1.000 +/- 0.000
       visual projection          dim= 1260  0.996 +/- 0.008
       central brain              dim= 1566  0.996 +/- 0.008
       descending (population)    dim= 1303  0.996 +/- 0.008
       4 pooled channels          dim=    4  0.696 +/- 0.074
       untrained argmax policy      acc=0.492  lane->channel ['T2R', 'T1R', 'T1L', 'T2L']
  C  note approach: max |corr(channel, elevation)| = 0.667
  D  chords: mean linearity 0.815  mean gain 0.744

building shuffled channel labels control (seed 12) ...

=== shuffled channel labels #12  (19,367 neurons, 729,558 edges)
  A  preferred azimuth per channel: T2L=+5deg  T1L=+5deg  T1R=+10deg  T2R=+5deg
     modulation depth: 0.078  0.097  0.064  0.072
  B  lane decoding (chance 0.250):
       optic lobe                 dim= 4000  0.996 +/- 0.008
       visual projection          dim= 1260  0.992 +/- 0.010
       central brain              dim= 1566  1.000 +/- 0.000
       descending (population)    dim= 1303  1.000 +/- 0.000
       4 pooled channels          dim=    4  0.600 +/- 0.053
       untrained argmax policy      acc=0.512  lane->channel ['T1R', 'T2L', 'T1L', 'T2R']
  C  note approach: max |corr(channel, elevation)| = 0.682
  D  chords: mean linearity 0.815  mean gain 0.744

building shuffled channel labels control (seed 13) ...

=== shuffled channel labels #13  (19,367 neurons, 729,558 edges)
  A  preferred azimuth per channel: T2L=+10deg  T1L=+5deg  T1R=+5deg  T2R=+20deg
     modulation depth: 0.092  0.094  0.079  0.045
  B  lane decoding (chance 0.250):
       optic lobe                 dim= 4000  1.000 +/- 0.000
       visual projection          dim= 1260  1.000 +/- 0.000
       central brain              dim= 1566  1.000 +/- 0.000
       descending (population)    dim= 1303  0.996 +/- 0.008
       4 pooled channels          dim=    4  0.667 +/- 0.023
       untrained argmax policy      acc=0.450  lane->channel ['T1L', 'T2R', 'T2L', 'T1R']
  C  note approach: max |corr(channel, elevation)| = 0.795
  D  chords: mean linearity 0.815  mean gain 0.744

building shuffled channel labels control (seed 14) ...

=== shuffled channel labels #14  (19,367 neurons, 729,558 edges)
  A  preferred azimuth per channel: T2L=+10deg  T1L=+5deg  T1R=+20deg  T2R=+15deg
     modulation depth: 0.102  0.079  0.050  0.075
  B  lane decoding (chance 0.250):
       optic lobe                 dim= 4000  1.000 +/- 0.000
       visual projection          dim= 1260  1.000 +/- 0.000
       central brain              dim= 1566  0.996 +/- 0.008
       descending (population)    dim= 1303  0.992 +/- 0.010
       4 pooled channels          dim=    4  0.721 +/- 0.083
       untrained argmax policy      acc=0.446  lane->channel ['T1L', 'T1R', 'T2R', 'T2L']
  C  note approach: max |corr(channel, elevation)| = 0.750
  D  chords: mean linearity 0.815  mean gain 0.744

building shuffled channel labels control (seed 15) ...

=== shuffled channel labels #15  (19,367 neurons, 729,558 edges)
  A  preferred azimuth per channel: T2L=+5deg  T1L=+10deg  T1R=+20deg  T2R=+5deg
     modulation depth: 0.088  0.102  0.071  0.052
  B  lane decoding (chance 0.250):
       optic lobe                 dim= 4000  0.996 +/- 0.008
       visual projection          dim= 1260  1.000 +/- 0.000
       central brain              dim= 1566  1.000 +/- 0.000
       descending (population)    dim= 1303  0.996 +/- 0.008
       4 pooled channels          dim=    4  0.713 +/- 0.058
       untrained argmax policy      acc=0.562  lane->channel ['T1L', 'T2R', 'T1R', 'T2L']
  C  note approach: max |corr(channel, elevation)| = 0.761
  D  chords: mean linearity 0.815  mean gain 0.744

--- summary (mean +/- sd over seeds; chance = 0.250) ----------
condition                    descending (population)         4 pooled channels             argmax policy    max channel modulation
real                                    0.992                      0.721                      0.567                      0.159        
rewired topology                        0.996  +-0.005              0.622  +-0.092              0.437  +-0.067              0.089  +-0.019
shuffled retinotopy                     0.979  +-0.028              0.624  +-0.098              0.473  +-0.063              0.116  +-0.039
shuffled channel labels                 0.992  +-0.006              0.670  +-0.068              0.474  +-0.067              0.100  +-0.013

--- permutation test against all controls pooled --------------
  descending (population)    real 0.992 vs 0.989+-0.018 | 29/45 reach it | p=0.652 | +0.16 SD
  4 pooled channels          real 0.721 vs 0.639+-0.090 | 9/45 reach it | p=0.217 | +0.92 SD
  argmax policy              real 0.567 vs 0.461+-0.068 | 3/45 reach it | p=0.087 | +1.56 SD
  max channel modulation     real 0.159 vs 0.102+-0.028 | 3/45 reach it | p=0.087 | +2.00 SD
