  real connectome          selectivity 0.79 -> 0.79   band -0.82 -> -0.82   false keys 1 -> 1  (14s)
  rewired #1               selectivity 0.41 -> 0.36   band -0.87 -> -0.63   false keys 3 -> 3  (14s)
  rewired #2               selectivity 0.35 -> 0.35   band -2.47 -> -2.47   false keys 6 -> 6  (14s)
  rewired #3               selectivity 0.53 -> 0.69   band -3.96 -> -0.59   false keys 2 -> 1  (15s)
  rewired #4               selectivity 0.32 -> 0.50   band -1.42 -> -0.72   false keys 2 -> 4  (15s)
  rewired #5               selectivity 0.33 -> 0.72   band -1.81 -> -0.78   false keys 2 -> 2  (15s)
  rewired #6               selectivity 0.45 -> 0.45   band -2.11 -> -2.11   false keys 4 -> 4  (18s)
  rewired #7               selectivity 0.49 -> 0.49   band -2.64 -> -2.64   false keys 3 -> 3  (15s)
  rewired #8               selectivity 0.29 -> 0.87   band -1.54 -> +0.04   false keys 3 -> 2  (15s)
  rewired #9               selectivity 0.62 -> 0.15   band -1.63 -> -1.63   false keys 3 -> 4  (15s)
  rewired #10              selectivity 0.61 -> 0.58   band -1.66 -> -1.37   false keys 2 -> 2  (15s)
  rewired #11              selectivity 0.55 -> 0.39   band -1.98 -> -1.92   false keys 6 -> 6  (15s)
  rewired #12              selectivity 0.65 -> 0.58   band -2.71 -> -2.69   false keys 4 -> 4  (16s)
  rewired #13              selectivity 0.47 -> 0.41   band -2.38 -> -2.38   false keys 5 -> 5  (16s)
  rewired #14              selectivity 0.37 -> 0.25   band -3.92 -> -2.95   false keys 1 -> 4  (15s)
  rewired #15              selectivity 0.69 -> 0.57   band -3.05 -> -3.05   false keys 1 -> 1  (14s)
  rewired #16              selectivity 0.43 -> 0.58   band -1.72 -> -1.48   false keys 5 -> 5  (15s)
  rewired #17              selectivity 0.52 -> 0.37   band -2.25 -> -1.72   false keys 2 -> 3  (16s)
  rewired #18              selectivity 0.25 -> 0.34   band -2.69 -> -1.97   false keys 5 -> 6  (15s)
  rewired #19              selectivity 0.69 -> 0.69   band -2.26 -> -2.26   false keys 5 -> 5  (15s)
  rewired #20              selectivity 0.65 -> 0.65   band -1.33 -> -1.33   false keys 1 -> 1  (16s)

=== does the selectivity result survive the new wiring rule? ===

  selectivity (argmax fraction)
    margin wiring  real +0.79  rewired +0.48 +- 0.14  0/20 reach real  p 0.048
    band wiring    real +0.79  rewired +0.50 +- 0.17  1/20 reach real  p 0.095

  shared-threshold band
    margin wiring  real -0.82  rewired -2.22 +- 0.78  0/20 reach real  p 0.048
    band wiring    real -0.82  rewired -1.73 +- 0.85  5/20 reach real  p 0.286

  peak margin
    margin wiring  real +1.00  rewired +0.54 +- 0.39  2/20 reach real  p 0.143
    band wiring    real +1.00  rewired +0.49 +- 0.64  5/20 reach real  p 0.286

  keys falsely driven
    margin wiring  real +1.00  rewired +3.25 +- 1.61  3/20 reach real  p 0.190
    band wiring    real +1.00  rewired +3.55 +- 1.63  3/20 reach real  p 0.190
